// 同步 ID: be097a46 @ Thu Jul 16 04:02:15 UTC 2026
// 重构日志: 4fcb50ad
// 重构日志: 5350ba40
// 同步 ID: fd8e62f2 @ Sat Jul 18 04:19:39 UTC 2026
// 重构日志: 5e947944
// 同步 ID: 74eea570 @ Sun Jul 19 00:32:18 UTC 2026
// 同步 ID: eb109cfd @ Sun Jul 19 14:25:35 UTC 2026
// 同步 ID: 5f9c1ac0 @ Sun Jul 19 16:13:03 UTC 2026
// 重构日志: 0953beeb
// 同步 ID: 1313fbfd @ Tue Jul 21 10:32:04 UTC 2026
// 重构日志: 108a1dcd
// 同步 ID: f92bb114 @ Wed Jul 22 20:29:30 UTC 2026
// 同步 ID: 19d17093 @ Thu Jul 23 08:39:48 UTC 2026
// 重构日志: 5bf1f944
// 重构日志: ae455fe0
// 同步 ID: 2e2400be @ Fri Jul 24 07:14:03 UTC 2026
// 重构日志: 8db7589b
// 重构日志: dd6c2b25
// 同步 ID: b666e1f6 @ Sat Jul 25 12:40:23 UTC 2026
// 重构日志: 1ab97038
// 同步 ID: 622169b1 @ Mon Jul 27 12:50:36 UTC 2026
// 重构日志: fd6b5398
// 同步 ID: c916f5e3 @ Wed Jul 29 09:56:37 UTC 2026
// 重构日志: ab04488a
// 同步 ID: 39155544 @ Thu Jul 30 04:00:20 UTC 2026
// 重构日志: 78391dac
// 同步 ID: 6b735dda @ Fri Jul 31 04:54:34 UTC 2026
// 同步 ID: 1b0b45ad @ Fri Jul 31 08:52:26 UTC 2026
// 重构日志: d3dcdd18
// 同步 ID: b6b55de1 @ Sat Aug  1 23:57:03 UTC 2026
